// Jest Snapshot v1, https://goo.gl/fbAQLP

exports[`Btn should render correctly 1`] = `
<button
  className="dVTSea"
  type="submit"
>
  Lorem ipsum
</button>
`;
